../Core/Src/main.c:79:6:HM01B0_Test	24	static
../Core/Src/main.c:111:5:main	16	static
../Core/Src/main.c:194:6:SystemClock_Config	88	static
../Core/Src/main.c:236:13:MX_I2C2_Init	8	static
../Core/Src/main.c:284:13:MX_TIM2_Init	48	static
../Core/Src/main.c:333:13:MX_USART3_UART_Init	8	static
../Core/Src/main.c:366:13:MX_DMA_Init	16	static
../Core/Src/main.c:387:13:MX_GPIO_Init	48	static
../Core/Src/main.c:447:6:MPU_Config	24	static
../Core/Src/main.c:478:6:Error_Handler	8	static,ignoring_inline_asm
