../Core/Src/main.c:71:6:HM01B0_Test	16	static
../Core/Src/main.c:106:5:main	8	static
../Core/Src/main.c:164:6:SystemClock_Config	88	static
../Core/Src/main.c:206:13:MX_I2C2_Init	8	static
../Core/Src/main.c:254:13:MX_TIM2_Init	48	static
../Core/Src/main.c:301:13:MX_DMA_Init	16	static
../Core/Src/main.c:322:13:MX_GPIO_Init	48	static
../Core/Src/main.c:373:6:MPU_Config	24	static
../Core/Src/main.c:404:6:Error_Handler	8	static,ignoring_inline_asm
../Core/Src/main.c:417:6:Blink_once	8	static
../Core/Src/main.c:435:6:Blink_twice	8	static
